../Core/Src/main.c:84:5:main	8	static
../Core/Src/main.c:215:6:SystemClock_Config	120	static
../Core/Src/main.c:275:13:MX_ADC1_Init	56	static
../Core/Src/main.c:346:13:MX_FDCAN1_Init	8	static
../Core/Src/main.c:399:13:MX_TIM6_Init	24	static
../Core/Src/main.c:435:13:MX_DMA_Init	16	static
../Core/Src/main.c:453:13:MX_GPIO_Init	24	static
../Core/Src/main.c:470:6:process_and_send	40	static
../Core/Src/main.c:485:6:HAL_ADC_ConvHalfCpltCallback	16	static
../Core/Src/main.c:490:6:HAL_ADC_ConvCpltCallback	16	static
../Core/Src/main.c:499:6:MPU_Config	24	static
../Core/Src/main.c:530:6:Error_Handler	4	static,ignoring_inline_asm
